Starting serial execution
 
 Here is the input file:
 
STOP                                                                           
 &cntrl                                                                        
  imin   = 1,                                                                  
  ncyc = 1,                                                                    
  maxcyc = 1,                                                                  
  igb = 0,                                                                     
  ntb    = 0,                                                                  
  cut    = 999.99,                                                             
  rgbmax = 25.0,                                                               
  ifswitch = 1                                                                 
 /                                                                             
| Flags:                                                                        
|    NONPERIODIC   ntb=0 and igb=0: Setting up nonperiodic simulation
|Largest sphere to fit in unit cell has radius =    63.452
| New format PARM file being parsed.
| Version =    1.000 Date = 08/04/11 Time = 11:49:36
RANSEED: Random seed is       10
 keyword> AMBER group rotation moves enabled
 keyword> WARNING: frequency of GROUPROTATION moves set to 0 - moves DISABLED!
 keyword> Reading in atom groups for GROUPROTATION
<GROUP NTER>
Index:   1
Size:    7
Atoms defining axis:     9   15
Rotation scaling: 1.00
Selection probablity: 0.80
Members:
           16
           17
           18
           19
           20
           21
           22
<GROUP CTER>
Index:   2
Size:    7
Atoms defining axis:     9    7
Rotation scaling: 1.00
Selection probablity: 0.80
Members:
            1
            2
            3
            4
            5
            6
            8
<GROUP ALA>
Index:   3
Size:    4
Atoms defining axis:     7    9
Rotation scaling: 1.00
Selection probablity: 0.80
Members:
           11
           12
           13
           14
keyword> RADIUS set to 999 for AMBER9 run
keywords> input coordinates for AMBER9 system will be read from 
coords.inpcrd
type: 
inpcrd

          -------------------------------------------------------
          Amber 9  SANDER                              2006
          -------------------------------------------------------

| Run on 04/18/2012 at 11:13:44
  [-O]verwriting output

File Assignments:
|  MDIN: min.in                                                                
| MDOUT: min.out                                                               
|INPCRD: coords.inpcrd                                                         
|  PARM: coords.prmtop                                                         
|RESTRT: coords.rst                                                            
|  REFC: refc                                                                  
| MDVEL: mdvel                                                                 
|  MDEN: mden                                                                  
| MDCRD: coords.mdcrd                                                          
|MDINFO: mdinfo                                                                
|INPDIP: inpdip                                                                
|RSTDIP: rstdip                                                                

 
 Here is the input file:
 
STOP                                                                           
 &cntrl                                                                        
  imin   = 1,                                                                  
  ncyc = 1,                                                                    
  maxcyc = 1,                                                                  
  igb = 0,                                                                     
  ntb    = 0,                                                                  
  cut    = 999.99,                                                             
  rgbmax = 25.0,                                                               
  ifswitch = 1                                                                 
 /                                                                             

--------------------------------------------------------------------------------
   1.  RESOURCE   USE: 
--------------------------------------------------------------------------------

| Flags:                                                                        
|    NONPERIODIC   ntb=0 and igb=0: Setting up nonperiodic simulation
|  *** cutoff > system size, list only builds once
|Largest sphere to fit in unit cell has radius =    63.452
 NATOM  =      52 NTYPES =       7 NBONH =      27 MBONA  =      24
 NTHETH =      58 MTHETA =      32 NPHIH =     102 MPHIA  =      87
 NHPARM =       0 NPARM  =       0 NNB   =     258 NRES   =       6
 NBONA  =      24 NTHETA =      32 NPHIA =      87 NUMBND =       8
 NUMANG =      16 NPTRA  =      19 NATYP =       7 NPHB   =       0
 IFBOX  =       0 NMXRS  =      10 IFCAP =       0 NEXTRA =       0
 NCOPY  =       0


|     Memory Use     Allocated
|     Real                5360
|     Hollerith            320
|     Integer            24723
|     Max Pairs           1326
|     nblistReal           624
|     nblist Int       7222202
|       Total            28361 kbytes
| Duplicated    0 dihedrals
| Duplicated    0 dihedrals

--------------------------------------------------------------------------------
   2.  CONTROL  DATA  FOR  THE  RUN
--------------------------------------------------------------------------------

ACE                                                                             

General flags:
     imin    =       1, nmropt  =       0
     ifswitch=       1, fswitchbeta=  10.000
 mdread> force-shifting cutoff will be used for electrostatics, fswitchbeta=  10.000
 mdread> Stoddard-Ford cutoff will be used for van der Waals interactions

Nature and format of input:
     ntx     =       1, irest   =       0, ntrx    =       1

Nature and format of output:
     ntxo    =       1, ntpr    =      50, ntrx    =       1, ntwr    =     500
     iwrap   =       0, ntwx    =       0, ntwv    =       0, ntwe    =       0
     ioutfm  =       0, ntwprt  =       0, idecomp =       0, rbornstat=      0

Potential function:
     ntf     =       1, ntb     =       0, igb     =       0, nsnb    =      25
     ipol    =       0, gbsa    =       0, iesp    =       0
     dielc   =   1.00000, cut     = 999.99000, intdiel =   1.00000
     scnb    =   2.00000, scee    =   1.20000

Frozen or restrained atoms:
     ibelly  =       0, ntr     =       0

Energy minimization:
     maxcyc  =       1, ncyc    =       1, ntmin   =       1
     dx0     =   0.01000, drms    =   0.00010
|  INFO: Old style inpcrd file read


--------------------------------------------------------------------------------
   3.  ATOMIC COORDINATES AND VELOCITIES
--------------------------------------------------------------------------------

ACE                                                                             
 begin time read from input coords =     0.000 ps

 Number of triangulated 3-point waters found:        0

     Sum of charges from parm topology file =   0.00000000
     Forcing neutrality...
keywords> reading AMBER inpcrd coordinate format
Initial coordinates:
       -2.7231017000        0.4115524000       -2.5966233000
       -2.8943026000        1.4674786000       -2.3954483000
       -3.9622134000        1.6759115000       -2.3741892000
       -2.4226343000        2.0670752000       -3.1730389000
       -2.2852634000        1.8301258000       -1.0615372000
       -1.3993573000        2.6713347000       -1.0076937000
       -2.7657809000        1.1804551000       -0.0015547000
       -3.5146310000        0.5264747000       -0.1559025000
       -2.3166274000        1.3711482000        1.3861575000
       -1.5011864000        2.0965795000        1.3896185000
       -3.4761044000        1.9750137000        2.1912604000
       -3.1381140000        2.2057469000        3.2025839000
       -3.8162384000        2.8965894000        1.7174455000
       -4.3025172000        1.2657748000        2.2468613000
       -1.7305928000        0.0891571000        2.0258699000
       -1.6287018000       -0.0186718000        3.2463151000
       -1.3683607000       -0.8944299000        1.1986029000
       -1.4305318000       -0.7069294000        0.2101697000
       -0.5689967000       -2.0567180000        1.5734858000
       -0.0078618000       -1.8242158000        2.4804768000
       -1.4943217000       -3.2461245000        1.8582676000
       -2.0727597000       -3.4904292000        0.9661284000
       -2.1755776000       -2.9937704000        2.6722533000
       -0.9008489000       -4.1133177000        2.1488482000
        0.4314469000       -2.3505995000        0.4431808000
        0.0567255000       -2.3019948000       -0.7304225000
        1.6925872000       -2.6312393000        0.7974423000
        1.8764778000       -2.6649617000        1.7872205000
        2.8861979000       -2.5983234000       -0.0695267000
        3.7428442000       -2.7841478000        0.5798075000
        2.8550557000       -3.7593880000       -1.0749806000
        2.7133888000       -4.7035700000       -0.5482164000
        2.0450478000       -3.6227506000       -1.7919932000
        3.8009404000       -3.7947111000       -1.6168662000
        3.1662389000       -1.2209886000       -0.7165188000
        4.2596122000       -0.6846848000       -0.5564518000
        2.1735804000       -0.6162244000       -1.3702853000
        1.3065507000       -1.1332786000       -1.4493935000
        2.0907080000        0.8295775000       -1.5610968000
        3.0863389000        1.2169429000       -1.7833215000
        1.1840406000        1.1065523000       -2.7669998000
        0.1852908000        0.7118071000       -2.5765863000
        1.5964049000        0.6300550000       -3.6571208000
        1.1118385000        2.1809332000       -2.9392259000
        1.5849442000        1.5251063000       -0.2768506000
        0.9961981000        0.8826336000        0.5956122000
        1.8069718000        2.8405490000       -0.1687387000
        2.2731736000        3.3032384000       -0.9319049000
        1.3366429000        3.6598863000        0.9463702000
        1.8455461000        4.6242926000        0.9475252000
        1.5309753000        3.1490528000        1.8918303000
        0.2608574000        3.8204248000        0.8491544000
  52 AMBER9 atoms
Container radius=      999.0000000000
Sloppy quench tolerance for RMS gradient    0.0000100000
In run   1 temperature fixed at    1.000    
Step size and angular threshold will be adjusted for acceptance ratio       0.5000 initial values=      0.1000      0.0000
Configuration will be reset to quench geometry
Sampling using Boltzmann weights
Nocedal LBFGS minimisation
Number of updates before reset in LBFGS=  1000
Maximum step size=        1.0000000000
Guess for initial diagonal elements in LBFGS=  0.1000    
Final quench tolerance for RMS gradient    0.0000010000
Energy difference criterion for minima=   0.0200000000
Maximum number of iterations: sloppy quenches 20000 final quenches 60000
Run   1:         0 steps with temperature scaled by  0.10000000E+01
Maximum allowed energy rise during a minimisation=    0.1000000000E-03
Calculating initial energy
Qu          0 E=       -1.9089938038 steps=    2 RMS= 0.49643E-05 Markov E=    -1.908993804     t=        0.0
 mc> Storing cis/trans information for initial structure
Starting MC run of          0 steps
Temperature will be multiplied by      1.00000000 at every step
Acceptance ratio for run=     0.00000 Step=     0.10000 Angular step factor=     0.00000 T=     1.00000
Final Quench      1 energy=       -1.9089938038 steps=    5 RMS force=      0.0000010 time=        0.02
